// Jest Snapshot v1, https://goo.gl/fbAQLP

exports[`repeats words threee times file 1`] = `"Test,Test,Test"`;
